// Jest Snapshot v1, https://goo.gl/fbAQLP

exports[`Products Should return products as props 1`] = `
<View>
  <View>
    <Text>
      Banane
    </Text>
  </View>
  <View>
    <Text>
      Steak
    </Text>
  </View>
  <View>
    <Text>
      Truite
    </Text>
  </View>
</View>
`;

exports[`Test 1`] = `
<div>
  <h1>
    Hello World!
  </h1>
</div>
`;
